// Jest Snapshot v1, https://goo.gl/fbAQLP

exports[`<ViewOverallNumber /> renders correctly when task is not completed 1`] = `
<View>
  <View
    style={
      Object {
        "flexDirection": "row",
        "justifyContent": "space-between",
        "marginTop": 10,
        "paddingHorizontal": 20,
        "width": "100%",
      }
    }
  >
    <Text
      style={
        Object {
          "color": "#000",
          "fontSize": 19,
        }
      }
    >
      Total tasks: 1
    </Text>
    <Text
      style={
        Object {
          "color": "#000",
          "fontSize": 19,
        }
      }
    >
      Completed tasks: 1
    </Text>
  </View>
  <View
    style={
      Object {
        "flexDirection": "row",
        "justifyContent": "space-between",
        "marginTop": 10,
        "paddingHorizontal": 20,
        "width": "100%",
      }
    }
  >
    <View
      style={
        Object {
          "width": "50%",
        }
      }
    >
      <Text
        style={
          Object {
            "marginBottom": 4,
            "marginTop": 16,
          }
        }
      >
        Sort by priority
      </Text>
      <View
        style={
          Array [
            Object {
              "alignItems": "center",
            },
            Object {
              "flexDirection": "column",
            },
            Object {
              "alignItems": "flex-start",
            },
          ]
        }
      />
    </View>
    <View
      style={
        Object {
          "width": "50%",
        }
      }
    >
      <Text
        style={
          Object {
            "marginBottom": 4,
            "marginTop": 16,
          }
        }
      >
        Sort by name
      </Text>
      <View
        style={
          Array [
            Object {
              "alignItems": "center",
            },
            Object {
              "flexDirection": "column",
            },
            Object {
              "alignItems": "flex-start",
            },
          ]
        }
      />
    </View>
  </View>
</View>
`;
