// Jest Snapshot v1, https://goo.gl/fbAQLP

exports[`<ViewTask /> renders with no item correctly 1`] = `
<View
  style={
    Object {
      "backgroundColor": "#fff",
      "flex": 1,
      "paddingHorizontal": 14,
    }
  }
>
  <View
    style={
      Object {
        "marginTop": 15,
      }
    }
    testID="MInput_view_Name"
  >
    <TextInput
      editable={true}
      onChangeText={[Function]}
      placeholder="Name"
      secureTextEntry={false}
      style={
        Object {
          "borderColor": "#D9D9D9",
          "borderRadius": 5,
          "borderWidth": 1,
          "fontSize": 16,
          "minHeight": 40,
          "paddingHorizontal": 10,
        }
      }
      testID="MInput_input_Name"
      value=""
    />
  </View>
  <View
    style={
      Object {
        "marginTop": 15,
      }
    }
    testID="MInput_view_Description"
  >
    <TextInput
      editable={true}
      onChangeText={[Function]}
      placeholder="Description"
      secureTextEntry={false}
      style={
        Object {
          "borderColor": "#D9D9D9",
          "borderRadius": 5,
          "borderWidth": 1,
          "fontSize": 16,
          "minHeight": 40,
          "paddingHorizontal": 10,
        }
      }
      testID="MInput_input_Description"
      value=""
    />
  </View>
  <View>
    <Text
      style={
        Object {
          "marginBottom": 4,
          "marginTop": 16,
        }
      }
    >
      Priority
    </Text>
    <View
      style={
        Array [
          Object {
            "alignItems": "center",
          },
          Object {
            "flexDirection": "column",
          },
          Object {
            "alignItems": "flex-start",
          },
        ]
      }
    />
  </View>
  <View
    accessible={true}
    collapsable={false}
    focusable={true}
    onClick={[Function]}
    onResponderGrant={[Function]}
    onResponderMove={[Function]}
    onResponderRelease={[Function]}
    onResponderTerminate={[Function]}
    onResponderTerminationRequest={[Function]}
    onStartShouldSetResponder={[Function]}
    style={
      Object {
        "alignItems": "center",
        "backgroundColor": "blue",
        "borderRadius": 10,
        "justifyContent": "center",
        "marginTop": 20,
        "opacity": 1,
        "padding": 10,
        "width": "100%",
      }
    }
  >
    <Text
      style={
        Object {
          "color": "#fff",
          "fontSize": 16,
        }
      }
    >
      Add
    </Text>
  </View>
</View>
`;
