// Jest Snapshot v1, https://goo.gl/fbAQLP

exports[`render add product list page 1`] = `
<View
  style={
    Object {
      "backgroundColor": "#fff",
      "flex": 1,
      "paddingHorizontal": 14,
    }
  }
>
  <View
    style={
      Array [
        Object {
          "marginTop": 15,
        },
      ]
    }
  >
    <TextInput
      onChangeText={[Function]}
      placeholder="Name"
      secureTextEntry={false}
      style={
        Object {
          "borderColor": "#D9D9D9",
          "borderRadius": 5,
          "borderWidth": 1,
          "fontSize": 16,
          "minHeight": 40,
          "paddingHorizontal": 10,
        }
      }
      value=""
    />
  </View>
  <View
    style={
      Array [
        Object {
          "marginTop": 15,
        },
      ]
    }
  >
    <TextInput
      onChangeText={[Function]}
      placeholder="Descripte"
      secureTextEntry={false}
      style={
        Object {
          "borderColor": "#D9D9D9",
          "borderRadius": 5,
          "borderWidth": 1,
          "fontSize": 16,
          "minHeight": 40,
          "paddingHorizontal": 10,
        }
      }
      value=""
    />
  </View>
  <View
    style={
      Array [
        Object {
          "marginTop": 15,
        },
      ]
    }
  >
    <TextInput
      keyboardType="numeric"
      onChangeText={[Function]}
      placeholder="Price"
      secureTextEntry={false}
      style={
        Object {
          "borderColor": "#D9D9D9",
          "borderRadius": 5,
          "borderWidth": 1,
          "fontSize": 16,
          "minHeight": 40,
          "paddingHorizontal": 10,
        }
      }
      value=""
    />
  </View>
  <View
    accessible={true}
    collapsable={false}
    focusable={true}
    onClick={[Function]}
    onResponderGrant={[Function]}
    onResponderMove={[Function]}
    onResponderRelease={[Function]}
    onResponderTerminate={[Function]}
    onResponderTerminationRequest={[Function]}
    onStartShouldSetResponder={[Function]}
    style={
      Object {
        "alignItems": "center",
        "backgroundColor": "blue",
        "borderRadius": 10,
        "justifyContent": "center",
        "marginTop": 20,
        "opacity": 1,
        "padding": 10,
        "width": "100%",
      }
    }
  >
    <Text
      style={
        Object {
          "color": "#fff",
          "fontSize": 16,
        }
      }
    >
      Add
    </Text>
  </View>
</View>
`;
