// Jest Snapshot v1, https://goo.gl/fbAQLP

exports[`<MInput /> renders correctly 1`] = `
<View
  style={
    Object {
      "borderColor": "red",
    }
  }
  testID="MInput_view_INPUT_1"
>
  <TextInput
    onChangeText={[Function]}
    placeholder="placeholder"
    secureTextEntry={false}
    style={
      Object {
        "borderColor": "#D9D9D9",
        "borderRadius": 5,
        "borderWidth": 1,
        "fontSize": 16,
        "minHeight": 40,
        "paddingHorizontal": 10,
      }
    }
    testID="MInput_input_INPUT_1"
    value="defaultText"
  />
</View>
`;
