// Jest Snapshot v1, https://goo.gl/fbAQLP

exports[`<Home /> renders correctly 1`] = `
<View
  style={
    Object {
      "backgroundColor": "#fff",
      "flex": 1,
    }
  }
>
  <RCTScrollView
    ListHeaderComponent={
      <ViewOverallNumber
        completedTask={0}
        totalTask={0}
      />
    }
    contentContainerStyle={
      Object {
        "paddingBottom": 10,
      }
    }
    data={Array []}
    getItem={[Function]}
    getItemCount={[Function]}
    keyExtractor={[Function]}
    onContentSizeChange={[Function]}
    onLayout={[Function]}
    onMomentumScrollBegin={[Function]}
    onMomentumScrollEnd={[Function]}
    onScroll={[Function]}
    onScrollBeginDrag={[Function]}
    onScrollEndDrag={[Function]}
    removeClippedSubviews={false}
    renderItem={[Function]}
    scrollEventThrottle={50}
    stickyHeaderIndices={Array []}
    style={
      Object {
        "backgroundColor": "#fff",
        "flex": 1,
      }
    }
    viewabilityConfigCallbackPairs={Array []}
  >
    <View>
      <View
        onLayout={[Function]}
      >
        <View
          style={
            Object {
              "flexDirection": "row",
              "justifyContent": "space-between",
              "marginTop": 10,
              "paddingHorizontal": 20,
              "width": "100%",
            }
          }
        >
          <Text
            style={
              Object {
                "color": "#000",
                "fontSize": 19,
              }
            }
          >
            Total tasks: 0
          </Text>
          <Text
            style={
              Object {
                "color": "#000",
                "fontSize": 19,
              }
            }
          >
            Completed tasks: 0
          </Text>
        </View>
      </View>
    </View>
  </RCTScrollView>
  <View
    accessible={true}
    collapsable={false}
    focusable={true}
    onClick={[Function]}
    onResponderGrant={[Function]}
    onResponderMove={[Function]}
    onResponderRelease={[Function]}
    onResponderTerminate={[Function]}
    onResponderTerminationRequest={[Function]}
    onStartShouldSetResponder={[Function]}
    style={
      Object {
        "alignItems": "center",
        "backgroundColor": "blue",
        "borderRadius": 40,
        "bottom": 30,
        "height": 40,
        "justifyContent": "center",
        "opacity": 1,
        "position": "absolute",
        "right": 30,
        "width": 40,
        "zIndex": 1,
      }
    }
  >
    <Text
      style={
        Array [
          Object {
            "fontSize": 25,
            "fontWeight": "bold",
          },
          Object {
            "color": "#fff",
          },
        ]
      }
    >
      +
    </Text>
  </View>
</View>
`;
